<?xml version="1.0" encoding="UTF-8"?>
<testsuites name="Mocha Tests" timestamp="2015-09-15T08:59:26" time="0.032" tests="1" failures="1">
  <testsuite name="GET /" timestamp="2015-09-15T08:59:26" tests="1" failures="1" time="0.032">
    <testcase name="GET / respond with hello world" time="0.032" className="respond with hello world">
      <failure>expected &apos;hello world&apos; response body, got &apos;hello Testing&apos;</failure>
    </testcase>
  </testsuite>
</testsuites>